// Jest Snapshot v1, https://goo.gl/fbAQLP

exports[`Card component renders a Card by default 1`] = `
<div
  className="card"
>
  <img
    alt=""
  />
  <div
    className="card__info"
  >
    <h2 />
  </div>
</div>
`;

exports[`Card component renders the Card given props 1`] = `
<div
  className="card"
>
  <img
    alt=""
  />
  <div
    className="card__info"
  >
    <h2 />
  </div>
</div>
`;
